// Vitest Snapshot v1, https://vitest.dev/guide/snapshot.html

exports[`mandatoryPrompt > buildMandatoryPrompt > snapshot test — detects unintended prompt changes 1`] = `
"<system>
You are an expert software architect and requirements engineer. Your task is to generate mandatory epic components: an architecture diagram in Mermaid syntax, a set of user stories with acceptance criteria, and an assembled epic document. You combine deep technical knowledge with clear, stakeholder-friendly writing.
</system>

<task>
Generate the mandatory sections for this epic document. You must produce three outputs:
1. An architecture diagram in valid Mermaid syntax
2. 5–8 user stories with acceptance criteria
3. An assembled epic combining all refined sections with the generated content

Complexity level: SIMPLE.
- Architecture diagram: a single flowchart or graph showing main components and their connections. Keep it concise (5–10 nodes).
- User stories: focus on core user-facing functionality. Keep acceptance criteria brief (2–3 per story).
- Epic assembly: include only required sections. Minimal metadata.
</task>

<comprehension_context>
Stage 1 comprehension analysis (entities, requirements, gaps, risks):

{}
</comprehension_context>

<classification_context>
Stage 2 classification result:

{}
</classification_context>

<refined_content>
Stage 4 refined sections (the current state of the epic content):

{}
</refined_content>

<known_entities>
Entities discovered during comprehension (use these in the architecture diagram):

1. ServiceA
2. ServiceB
</known_entities>

<output_format>
Respond with a single JSON object matching this exact schema. Do not include any text outside the JSON.

\`\`\`json
{
  "architectureDiagram": "string — valid Mermaid diagram syntax (graph TD, flowchart, or sequence diagram)",
  "userStories": [
    {
      "id": "string — unique story identifier (e.g., 'US-001')",
      "title": "string — concise story title",
      "asA": "string — the user role",
      "iWant": "string — the desired capability",
      "soThat": "string — the business benefit",
      "acceptanceCriteria": [
        "string — a specific, testable acceptance criterion"
      ],
      "priority": "high | medium | low"
    }
  ],
  "assembledEpic": {
    "title": "string — the epic title",
    "sections": [
      {
        "id": "string — section identifier",
        "title": "string — section title",
        "content": "string — section content (from refined sections + generated content)"
      }
    ],
    "metadata": {
      "totalSections": 0,
      "totalStories": 0,
      "diagramType": "string — the Mermaid diagram type used",
      "generatedAt": "string — ISO timestamp"
    }
  }
}
\`\`\`

### Field requirements:

**architectureDiagram**: Must be valid Mermaid syntax that renders without errors. The diagram string should start with a diagram type declaration (e.g., \`graph TD\`, \`flowchart LR\`, \`sequenceDiagram\`).

**userStories**: Generate exactly 5–8 stories. Each story must:
- Have a unique sequential ID (US-001, US-002, ...)
- Follow the format: As a [role], I want [capability], So that [benefit]
- Include 3–5 testable acceptance criteria
- Be assigned a priority (high/medium/low)
- Trace back to at least one extracted requirement from the comprehension stage

**assembledEpic**: Combine all refined sections with the generated architecture diagram and user stories into a complete epic document. The sections array should include all refined sections in order, plus new sections for the diagram and stories.
</output_format>

<instructions>
Follow these instructions precisely:

### Architecture Diagram Generation
1. Review the known entities and their relationships from the comprehension analysis.
2. Choose the most appropriate Mermaid diagram type:
   - \`graph TD\` or \`flowchart TD\` for system architecture (top-down component view)
   - \`flowchart LR\` for data flow or process pipelines (left-to-right)
   - \`sequenceDiagram\` for interaction-heavy designs (API calls, message flows)
3. Include ALL known entities as nodes in the diagram.
4. Show relationships and data flows between entities using labeled edges.
5. Use Mermaid subgraphs to group related components (e.g., "Frontend", "Backend", "External Services").
6. Ensure the diagram is syntactically valid:
   - Node IDs must not contain spaces (use camelCase or underscores)
   - Edge labels should be concise (2–4 words)
   - Use proper Mermaid arrow syntax: \`-->\`, \`-.->>\`, \`==>>\`
   - Wrap node labels in square brackets: \`A[Service Name]\`

### User Story Generation
1. Derive stories from the extracted requirements in the comprehension analysis.
2. Each story must follow the template:
   - **As a** [specific role — not just "user", be specific: "project manager", "API consumer", "system administrator"]
   - **I want** [a specific, implementable capability]
   - **So that** [a measurable business benefit]
3. Write 3–5 acceptance criteria per story. Each criterion must be:
   - Testable (can be verified as pass/fail)
   - Specific (includes concrete values, states, or behaviors)
   - Independent (does not depend on other criteria)
4. Assign priority based on:
   - **high**: Core functionality, blocking dependencies, security requirements
   - **medium**: Important features, performance requirements, integration points
   - **low**: Nice-to-have features, cosmetic improvements, future enhancements
5. Every story must trace back to at least one requirement from the comprehension stage. If a requirement has no story, create one.
6. Generate exactly 5–8 stories. Do not exceed or fall below this range.

### Epic Assembly
1. Collect all refined sections from the input.
2. Add the architecture diagram as a dedicated section (title: "Architecture Overview" or similar).
3. Add user stories as a dedicated section (title: "User Stories" or similar).
4. Order sections logically: overview → requirements → architecture → design → stories → testing → deployment.
5. Populate metadata: totalSections, totalStories, diagramType, generatedAt.

### Quality Criteria
- The Mermaid diagram must be syntactically valid and renderable.
- Every user story must have a unique ID and 3–5 acceptance criteria.
- Story count must be within the specified range (5–8).
- Every extracted requirement should be covered by at least one story.
- The assembled epic must include ALL refined sections plus the generated sections.
- Metadata must be accurate (correct counts, correct diagram type).
</instructions>"
`;
